// Jest Snapshot v1, https://goo.gl/fbAQLP

exports[`Cocktail Basic tests Cocktail constructor in action 1`] = `
Object {
  "testSuper": [Function],
  "testSuperTwo": [Function],
}
`;

exports[`Cocktail Basic tests Cocktail constructor in action 2`] = `
Object {
  "testSuper": Object {
    "pluginFour": [Function],
    "pluginThree": [Function],
  },
  "testSuperTwo": Object {
    "pluginSeven": [Function],
  },
}
`;

exports[`Cocktail Basic tests Cocktail constructor in action 3`] = `
Object {
  "testMolotovImplementer": Object {
    "molotovPlugins": Object {
      "testSuper": Object {
        "onlyPluginOne": Array [
          "pluginOne",
        ],
        "pluginAll": Array [
          "pluginFour",
        ],
        "pluginOneTwo": Array [
          "pluginOne",
          "pluginTwo",
          "pluginFour",
        ],
      },
      "testSuperTwo": Object {
        "pluginSeven": Array [
          "pluginSeven",
        ],
      },
    },
    "supersNameSpace": Object {
      "testSuper": "testSuper",
      "testSuperTwo": "testSuperTwo",
    },
  },
}
`;
